2568-05-14 14:16:10.629  INFO [dxc-qm-dbd-juristic-registration-service,,] 3032 --- [main] bdJuristicRegistrationServiceApplication : Starting DxcQmDbdJuristicRegistrationServiceApplication using Java 11.0.2 on TSI-02 with PID 3032 (C:\Mickey\qm-service\dxc-qm-dbd-juristic-registration-service\target\classes started by TSI-02 in C:\Mickey\qm-service\dxc-qm-dbd-juristic-registration-service)
2568-05-14 14:16:10.633  INFO [dxc-qm-dbd-juristic-registration-service,,] 3032 --- [main] bdJuristicRegistrationServiceApplication : The following 1 profile is active: "prd"
2568-05-14 14:16:10.685  INFO [dxc-qm-dbd-juristic-registration-service,,] 3032 --- [main] o.s.c.c.c.ConfigServerConfigDataLoader   : Fetching config from server at : https://config-01.dxc.go.th:8888/
2568-05-14 14:16:10.685  INFO [dxc-qm-dbd-juristic-registration-service,,] 3032 --- [main] o.s.c.c.c.ConfigServerConfigDataLoader   : Located environment: name=dxc-qm-dbd-juristic-registration-service, profiles=[prd], label=null, version=4d2a1dd1d2ba537787c2819f553d333a0e838f0d, state=null
2568-05-14 14:16:11.695  INFO [dxc-qm-dbd-juristic-registration-service,,] 3032 --- [main] .s.d.r.c.RepositoryConfigurationDelegate : Bootstrapping Spring Data JPA repositories in DEFAULT mode.
2568-05-14 14:16:11.712  INFO [dxc-qm-dbd-juristic-registration-service,,] 3032 --- [main] .s.d.r.c.RepositoryConfigurationDelegate : Finished Spring Data repository scanning in 6 ms. Found 0 JPA repository interfaces.
2568-05-14 14:16:11.712  INFO [dxc-qm-dbd-juristic-registration-service,,] 3032 --- [main] .s.d.r.c.RepositoryConfigurationDelegate : Bootstrapping Spring Data JPA repositories in DEFAULT mode.
2568-05-14 14:16:11.714  INFO [dxc-qm-dbd-juristic-registration-service,,] 3032 --- [main] .s.d.r.c.RepositoryConfigurationDelegate : Finished Spring Data repository scanning in 1 ms. Found 0 JPA repository interfaces.
2568-05-14 14:16:12.588  INFO [dxc-qm-dbd-juristic-registration-service,,] 3032 --- [main] o.s.cloud.context.scope.GenericScope     : BeanFactory id=5d3d42c7-8a2d-3387-9aa5-2ca1da95ff16
2568-05-14 14:16:13.192  INFO [dxc-qm-dbd-juristic-registration-service,,] 3032 --- [main] trationDelegate$BeanPostProcessorChecker : Bean 'org.springframework.cloud.client.loadbalancer.reactive.LoadBalancerBeanPostProcessorAutoConfiguration' of type [org.springframework.cloud.client.loadbalancer.reactive.LoadBalancerBeanPostProcessorAutoConfiguration] is not eligible for getting processed by all BeanPostProcessors (for example: not eligible for auto-proxying)
2568-05-14 14:16:13.196  INFO [dxc-qm-dbd-juristic-registration-service,,] 3032 --- [main] trationDelegate$BeanPostProcessorChecker : Bean 'org.springframework.cloud.client.loadbalancer.reactive.LoadBalancerBeanPostProcessorAutoConfiguration$ReactorDeferringLoadBalancerFilterConfig' of type [org.springframework.cloud.client.loadbalancer.reactive.LoadBalancerBeanPostProcessorAutoConfiguration$ReactorDeferringLoadBalancerFilterConfig] is not eligible for getting processed by all BeanPostProcessors (for example: not eligible for auto-proxying)
2568-05-14 14:16:13.199  INFO [dxc-qm-dbd-juristic-registration-service,,] 3032 --- [main] trationDelegate$BeanPostProcessorChecker : Bean 'reactorDeferringLoadBalancerExchangeFilterFunction' of type [org.springframework.cloud.client.loadbalancer.reactive.DeferringLoadBalancerExchangeFilterFunction] is not eligible for getting processed by all BeanPostProcessors (for example: not eligible for auto-proxying)
2568-05-14 14:16:13.592  INFO [dxc-qm-dbd-juristic-registration-service,,] 3032 --- [main] o.s.b.w.embedded.tomcat.TomcatWebServer  : Tomcat initialized with port(s): 0 (https)
2568-05-14 14:16:13.606  INFO [dxc-qm-dbd-juristic-registration-service,,] 3032 --- [main] o.apache.catalina.core.StandardService   : Starting service [Tomcat]
2568-05-14 14:16:13.607  INFO [dxc-qm-dbd-juristic-registration-service,,] 3032 --- [main] org.apache.catalina.core.StandardEngine  : Starting Servlet engine: [Apache Tomcat/9.0.62]
2568-05-14 14:16:13.851  INFO [dxc-qm-dbd-juristic-registration-service,,] 3032 --- [main] o.a.c.c.C.[Tomcat].[localhost].[/]       : Initializing Spring embedded WebApplicationContext
2568-05-14 14:16:13.852  INFO [dxc-qm-dbd-juristic-registration-service,,] 3032 --- [main] w.s.c.ServletWebServerApplicationContext : Root WebApplicationContext: initialization completed in 3164 ms
2568-05-14 14:16:14.968  INFO [dxc-qm-dbd-juristic-registration-service,,] 3032 --- [main] t.g.d.i.d.db_01.Db01DataSourceConfig     : Init db01HikariDataSource
2568-05-14 14:16:14.970  INFO [dxc-qm-dbd-juristic-registration-service,,] 3032 --- [main] t.g.d.i.d.db_01.Db01DataSourceConfig     : Init db01DataSourceProperties
2568-05-14 14:16:15.048  INFO [dxc-qm-dbd-juristic-registration-service,,] 3032 --- [main] t.g.d.i.d.p.PrimaryDataSourceConfig      : Init primaryHikariDataSource
2568-05-14 14:16:15.049  INFO [dxc-qm-dbd-juristic-registration-service,,] 3032 --- [main] t.g.d.i.d.p.PrimaryDataSourceConfig      : Init primaryDataSourceProperties
2568-05-14 14:16:16.718  INFO [dxc-qm-dbd-juristic-registration-service,,] 3032 --- [main] t.g.d.i.d.p.PrimaryDataSourceConfig      : Init primaryJpaProperties
2568-05-14 14:16:16.736  INFO [dxc-qm-dbd-juristic-registration-service,,] 3032 --- [main] t.g.d.i.d.p.PrimaryDataSourceConfig      : Init primaryJpaVendorAdapter
2568-05-14 14:16:16.752  INFO [dxc-qm-dbd-juristic-registration-service,,] 3032 --- [main] t.g.d.i.d.db_01.Db01DataSourceConfig     : Init db01JpaProperties
2568-05-14 14:16:16.755  INFO [dxc-qm-dbd-juristic-registration-service,,] 3032 --- [main] t.g.d.i.d.db_01.Db01DataSourceConfig     : Init db01EntityManagerFactory
2568-05-14 14:16:16.756  INFO [dxc-qm-dbd-juristic-registration-service,,] 3032 --- [main] t.g.d.i.d.db_01.Db01DataSourceConfig     : db01HikariDataSource.getJdbcUrl = jdbc:h2:mem:db01;DB_CLOSE_DELAY=-1;DB_CLOSE_ON_EXIT=FALSE
2568-05-14 14:16:16.756  INFO [dxc-qm-dbd-juristic-registration-service,,] 3032 --- [main] t.g.d.i.d.db_01.Db01DataSourceConfig     : db01HikariDataSource.getMinimumIdle = 2
2568-05-14 14:16:16.756  INFO [dxc-qm-dbd-juristic-registration-service,,] 3032 --- [main] t.g.d.i.d.db_01.Db01DataSourceConfig     : db01HikariDataSource.getMaximumPoolSize = 3
2568-05-14 14:16:16.756  INFO [dxc-qm-dbd-juristic-registration-service,,] 3032 --- [main] t.g.d.i.d.db_01.Db01DataSourceConfig     : db01JPA Properties: {javax.persistence.schema-generation.database.action=drop-and-create, javax.persistence.schema-generation.scripts.drop-target=sqls/drop-schema.sql, javax.persistence.schema-generation.scripts.create-target=sqls/create-schema.sql, hibernate.physical_naming_strategy=org.springframework.boot.orm.jpa.hibernate.SpringPhysicalNamingStrategy, javax.persistence.schema-generation.scripts.action=drop-and-create}
2568-05-14 14:16:16.790  INFO [dxc-qm-dbd-juristic-registration-service,,] 3032 --- [main] o.hibernate.jpa.internal.util.LogHelper  : HHH000204: Processing PersistenceUnitInfo [name: db01PersistenceUnit]
2568-05-14 14:16:16.856  INFO [dxc-qm-dbd-juristic-registration-service,,] 3032 --- [main] org.hibernate.Version                    : HHH000412: Hibernate ORM core version 5.6.8.Final
2568-05-14 14:16:17.038  INFO [dxc-qm-dbd-juristic-registration-service,,] 3032 --- [main] o.hibernate.annotations.common.Version   : HCANN000001: Hibernate Commons Annotations {5.1.2.Final}
2568-05-14 14:16:17.254  INFO [dxc-qm-dbd-juristic-registration-service,,] 3032 --- [main] com.zaxxer.hikari.HikariDataSource       : HikariPool-1 - Starting...
2568-05-14 14:16:17.507  INFO [dxc-qm-dbd-juristic-registration-service,,] 3032 --- [main] com.zaxxer.hikari.HikariDataSource       : HikariPool-1 - Start completed.
2568-05-14 14:16:17.538  INFO [dxc-qm-dbd-juristic-registration-service,,] 3032 --- [main] org.hibernate.dialect.Dialect            : HHH000400: Using dialect: org.hibernate.dialect.H2Dialect
2568-05-14 14:16:17.839  INFO [dxc-qm-dbd-juristic-registration-service,,] 3032 --- [main] o.h.e.t.j.p.i.JtaPlatformInitiator       : HHH000490: Using JtaPlatform implementation: [org.hibernate.engine.transaction.jta.platform.internal.NoJtaPlatform]
2568-05-14 14:16:17.851  INFO [dxc-qm-dbd-juristic-registration-service,,] 3032 --- [main] j.LocalContainerEntityManagerFactoryBean : Initialized JPA EntityManagerFactory for persistence unit 'db01PersistenceUnit'
2568-05-14 14:16:17.867  INFO [dxc-qm-dbd-juristic-registration-service,,] 3032 --- [main] t.g.d.i.d.p.PrimaryDataSourceConfig      : Init primaryEntityManagerFactory
2568-05-14 14:16:17.868  INFO [dxc-qm-dbd-juristic-registration-service,,] 3032 --- [main] t.g.d.i.d.p.PrimaryDataSourceConfig      : primaryHikariDataSource.getJdbcUrl = jdbc:h2:mem:primary;DB_CLOSE_DELAY=-1;DB_CLOSE_ON_EXIT=FALSE
2568-05-14 14:16:17.868  INFO [dxc-qm-dbd-juristic-registration-service,,] 3032 --- [main] t.g.d.i.d.p.PrimaryDataSourceConfig      : primaryHikariDataSource.getMinimumIdle = 2
2568-05-14 14:16:17.868  INFO [dxc-qm-dbd-juristic-registration-service,,] 3032 --- [main] t.g.d.i.d.p.PrimaryDataSourceConfig      : primaryHikariDataSource.getMaximumPoolSize = 10
2568-05-14 14:16:17.868  INFO [dxc-qm-dbd-juristic-registration-service,,] 3032 --- [main] t.g.d.i.d.p.PrimaryDataSourceConfig      : primaryJPA Properties: {javax.persistence.schema-generation.database.action=drop-and-create, javax.persistence.schema-generation.scripts.drop-target=sqls/drop-schema.sql, javax.persistence.schema-generation.scripts.create-target=sqls/create-schema.sql, hibernate.physical_naming_strategy=org.springframework.boot.orm.jpa.hibernate.SpringPhysicalNamingStrategy, javax.persistence.schema-generation.scripts.action=drop-and-create}
2568-05-14 14:16:17.871  INFO [dxc-qm-dbd-juristic-registration-service,,] 3032 --- [main] o.hibernate.jpa.internal.util.LogHelper  : HHH000204: Processing PersistenceUnitInfo [name: primaryPersistenceUnit]
2568-05-14 14:16:17.921  INFO [dxc-qm-dbd-juristic-registration-service,,] 3032 --- [main] com.zaxxer.hikari.HikariDataSource       : HikariPool-2 - Starting...
2568-05-14 14:16:17.924  INFO [dxc-qm-dbd-juristic-registration-service,,] 3032 --- [main] com.zaxxer.hikari.HikariDataSource       : HikariPool-2 - Start completed.
2568-05-14 14:16:17.925  INFO [dxc-qm-dbd-juristic-registration-service,,] 3032 --- [main] org.hibernate.dialect.Dialect            : HHH000400: Using dialect: org.hibernate.dialect.H2Dialect
2568-05-14 14:16:17.947  INFO [dxc-qm-dbd-juristic-registration-service,,] 3032 --- [main] o.h.e.t.j.p.i.JtaPlatformInitiator       : HHH000490: Using JtaPlatform implementation: [org.hibernate.engine.transaction.jta.platform.internal.NoJtaPlatform]
2568-05-14 14:16:17.948  INFO [dxc-qm-dbd-juristic-registration-service,,] 3032 --- [main] j.LocalContainerEntityManagerFactoryBean : Initialized JPA EntityManagerFactory for persistence unit 'primaryPersistenceUnit'
2568-05-14 14:16:17.981  INFO [dxc-qm-dbd-juristic-registration-service,,] 3032 --- [main] th.go.dxc.config.PrdAppConfig            : Init th.go.dxc.config.PrdAppConfig$$EnhancerBySpringCGLIB$$8bcf95b
2568-05-14 14:16:19.464  INFO [dxc-qm-dbd-juristic-registration-service,,] 3032 --- [main] th.go.dxc.config.PrdWebConfig            : Init th.go.dxc.config.PrdWebConfig$$EnhancerBySpringCGLIB$$7380efae
2568-05-14 14:16:19.689  INFO [dxc-qm-dbd-juristic-registration-service,,] 3032 --- [main] th.go.dxc.config.PrdApiConfig            : Init th.go.dxc.config.PrdApiConfig$$EnhancerBySpringCGLIB$$d6b6ccb4
2568-05-14 14:16:19.696  INFO [dxc-qm-dbd-juristic-registration-service,,] 3032 --- [main] th.go.dxc.config.PrdSecurityConfig       : Init th.go.dxc.config.PrdSecurityConfig$$EnhancerBySpringCGLIB$$25f56efc
2568-05-14 14:16:19.754  INFO [dxc-qm-dbd-juristic-registration-service,,] 3032 --- [main] t.g.d.i.d.db_01.Db01DataSourceConfig     : Init db01TransactionManager
2568-05-14 14:16:19.773  INFO [dxc-qm-dbd-juristic-registration-service,,] 3032 --- [main] t.g.d.i.d.db_01.Db01DataSourceConfig     : Init db01JpaVendorAdapter
2568-05-14 14:16:19.779  INFO [dxc-qm-dbd-juristic-registration-service,,] 3032 --- [main] t.g.d.i.d.p.PrimaryDataSourceConfig      : Init primaryTransactionManager
2568-05-14 14:16:20.129  INFO [dxc-qm-dbd-juristic-registration-service,,] 3032 --- [main] o.s.b.a.w.s.WelcomePageHandlerMapping    : Adding welcome page template: index
2568-05-14 14:16:21.244  INFO [dxc-qm-dbd-juristic-registration-service,,] 3032 --- [main] i.g.p.r.RSQLQueryDSLAutoConfiguration    : RSQLQueryDSLAutoConfiguration.rsqlCommonSupport(entityManagerMap:2)
2568-05-14 14:16:21.246  INFO [dxc-qm-dbd-juristic-registration-service,,] 3032 --- [main] i.g.perplexhub.rsql.RSQLCommonSupport    : 2 EntityManager beans are found: {org.springframework.orm.jpa.SharedEntityManagerCreator#0=Shared EntityManager proxy for target factory [org.springframework.orm.jpa.LocalContainerEntityManagerFactoryBean@7df1fc5a], org.springframework.orm.jpa.SharedEntityManagerCreator#1=Shared EntityManager proxy for target factory [org.springframework.orm.jpa.LocalContainerEntityManagerFactoryBean@52e2e426]}
2568-05-14 14:16:21.249  INFO [dxc-qm-dbd-juristic-registration-service,,] 3032 --- [main] i.g.perplexhub.rsql.RSQLCommonSupport    : RSQLCommonSupport [5.0.19]  is initialized
2568-05-14 14:16:21.856  WARN [dxc-qm-dbd-juristic-registration-service,,] 3032 --- [main] o.s.s.c.a.web.builders.WebSecurity       : You are asking Spring Security to ignore Ant [pattern='/h2-console/**']. This is not recommended -- please use permitAll via HttpSecurity#authorizeHttpRequests instead.
2568-05-14 14:16:21.858  INFO [dxc-qm-dbd-juristic-registration-service,,] 3032 --- [main] o.s.s.web.DefaultSecurityFilterChain     : Will not secure Ant [pattern='/h2-console/**']
2568-05-14 14:16:21.858  WARN [dxc-qm-dbd-juristic-registration-service,,] 3032 --- [main] o.s.s.c.a.web.builders.WebSecurity       : You are asking Spring Security to ignore Ant [pattern='/mock/**']. This is not recommended -- please use permitAll via HttpSecurity#authorizeHttpRequests instead.
2568-05-14 14:16:21.859  INFO [dxc-qm-dbd-juristic-registration-service,,] 3032 --- [main] o.s.s.web.DefaultSecurityFilterChain     : Will not secure Ant [pattern='/mock/**']
2568-05-14 14:16:21.929  INFO [dxc-qm-dbd-juristic-registration-service,,] 3032 --- [main] o.s.b.a.e.web.EndpointLinksResolver      : Exposing 18 endpoint(s) beneath base path '/actuator'
2568-05-14 14:16:21.977  INFO [dxc-qm-dbd-juristic-registration-service,,] 3032 --- [main] o.s.s.web.DefaultSecurityFilterChain     : Will secure Or [Ant [pattern='/services/**'], Ant [pattern='/api/**']] with [org.springframework.security.web.context.request.async.WebAsyncManagerIntegrationFilter@68076f57, org.springframework.security.web.context.SecurityContextPersistenceFilter@14ab3e22, org.springframework.security.web.header.HeaderWriterFilter@45e97963, org.springframework.web.filter.CorsFilter@4c6e0143, org.springframework.security.web.authentication.logout.LogoutFilter@70798698, org.springframework.security.oauth2.server.resource.web.BearerTokenAuthenticationFilter@113886b1, org.springframework.security.web.savedrequest.RequestCacheAwareFilter@510ee215, org.springframework.security.web.servletapi.SecurityContextHolderAwareRequestFilter@70903e7b, org.springframework.security.web.authentication.AnonymousAuthenticationFilter@633332e2, org.springframework.security.web.session.SessionManagementFilter@4299b47d, org.springframework.security.web.access.ExceptionTranslationFilter@4518bffd, org.springframework.security.web.access.intercept.FilterSecurityInterceptor@5989f463]
2568-05-14 14:16:22.701  INFO [dxc-qm-dbd-juristic-registration-service,,] 3032 --- [main] DiscoveryClientOptionalArgsConfiguration : Eureka HTTP Client uses RestTemplate.
2568-05-14 14:16:22.909  WARN [dxc-qm-dbd-juristic-registration-service,,] 3032 --- [main] iguration$LoadBalancerCaffeineWarnLogger : Spring Cloud LoadBalancer is currently working with the default cache. While this cache implementation is useful for development and tests, it's recommended to use Caffeine cache in production.You can switch to using Caffeine cache, by adding it and org.springframework.cache.caffeine.CaffeineCacheManager to the classpath.
2568-05-14 14:16:23.031  WARN [dxc-qm-dbd-juristic-registration-service,,] 3032 --- [main] ConfigServletWebServerApplicationContext : Exception encountered during context initialization - cancelling refresh attempt: org.springframework.context.ApplicationContextException: Failed to start bean 'webServerStartStop'; nested exception is org.springframework.boot.web.server.WebServerException: Unable to start embedded Tomcat server
2568-05-14 14:16:25.117  INFO [dxc-qm-dbd-juristic-registration-service,,] 3032 --- [main] j.LocalContainerEntityManagerFactoryBean : Closing JPA EntityManagerFactory for persistence unit 'primaryPersistenceUnit'
2568-05-14 14:16:25.118  INFO [dxc-qm-dbd-juristic-registration-service,,] 3032 --- [main] j.LocalContainerEntityManagerFactoryBean : Closing JPA EntityManagerFactory for persistence unit 'db01PersistenceUnit'
2568-05-14 14:16:25.120  INFO [dxc-qm-dbd-juristic-registration-service,,] 3032 --- [main] com.zaxxer.hikari.HikariDataSource       : HikariPool-2 - Shutdown initiated...
2568-05-14 14:16:25.124  INFO [dxc-qm-dbd-juristic-registration-service,,] 3032 --- [main] com.zaxxer.hikari.HikariDataSource       : HikariPool-2 - Shutdown completed.
2568-05-14 14:16:25.124  INFO [dxc-qm-dbd-juristic-registration-service,,] 3032 --- [main] com.zaxxer.hikari.HikariDataSource       : HikariPool-1 - Shutdown initiated...
2568-05-14 14:16:25.127  INFO [dxc-qm-dbd-juristic-registration-service,,] 3032 --- [main] com.zaxxer.hikari.HikariDataSource       : HikariPool-1 - Shutdown completed.
2568-05-14 14:16:25.134  INFO [dxc-qm-dbd-juristic-registration-service,,] 3032 --- [main] o.apache.catalina.core.StandardService   : Stopping service [Tomcat]
2568-05-14 14:16:25.159  INFO [dxc-qm-dbd-juristic-registration-service,,] 3032 --- [main] ConditionEvaluationReportLoggingListener : 

Error starting ApplicationContext. To display the conditions report re-run your application with 'debug' enabled.
2568-05-14 14:16:25.188 ERROR [dxc-qm-dbd-juristic-registration-service,,] 3032 --- [main] o.s.boot.SpringApplication               : Application run failed

org.springframework.context.ApplicationContextException: Failed to start bean 'webServerStartStop'; nested exception is org.springframework.boot.web.server.WebServerException: Unable to start embedded Tomcat server
	at org.springframework.context.support.DefaultLifecycleProcessor.doStart(DefaultLifecycleProcessor.java:181) ~[spring-context-5.3.19.jar:5.3.19]
	at org.springframework.context.support.DefaultLifecycleProcessor.access$200(DefaultLifecycleProcessor.java:54) ~[spring-context-5.3.19.jar:5.3.19]
	at org.springframework.context.support.DefaultLifecycleProcessor$LifecycleGroup.start(DefaultLifecycleProcessor.java:356) ~[spring-context-5.3.19.jar:5.3.19]
	at java.base/java.lang.Iterable.forEach(Iterable.java:75) ~[na:na]
	at org.springframework.context.support.DefaultLifecycleProcessor.startBeans(DefaultLifecycleProcessor.java:155) ~[spring-context-5.3.19.jar:5.3.19]
	at org.springframework.context.support.DefaultLifecycleProcessor.onRefresh(DefaultLifecycleProcessor.java:123) ~[spring-context-5.3.19.jar:5.3.19]
	at org.springframework.context.support.AbstractApplicationContext.finishRefresh(AbstractApplicationContext.java:935) ~[spring-context-5.3.19.jar:5.3.19]
	at org.springframework.context.support.AbstractApplicationContext.refresh(AbstractApplicationContext.java:586) ~[spring-context-5.3.19.jar:5.3.19]
	at org.springframework.boot.web.servlet.context.ServletWebServerApplicationContext.refresh(ServletWebServerApplicationContext.java:145) ~[spring-boot-2.6.7.jar:2.6.7]
	at org.springframework.boot.SpringApplication.refresh(SpringApplication.java:740) ~[spring-boot-2.6.7.jar:2.6.7]
	at org.springframework.boot.SpringApplication.refreshContext(SpringApplication.java:415) ~[spring-boot-2.6.7.jar:2.6.7]
	at org.springframework.boot.SpringApplication.run(SpringApplication.java:303) ~[spring-boot-2.6.7.jar:2.6.7]
	at org.springframework.boot.SpringApplication.run(SpringApplication.java:1312) ~[spring-boot-2.6.7.jar:2.6.7]
	at org.springframework.boot.SpringApplication.run(SpringApplication.java:1301) ~[spring-boot-2.6.7.jar:2.6.7]
	at th.go.dxc.DxcQmDbdJuristicRegistrationServiceApplication.main(DxcQmDbdJuristicRegistrationServiceApplication.java:10) ~[classes/:na]
Caused by: org.springframework.boot.web.server.WebServerException: Unable to start embedded Tomcat server
	at org.springframework.boot.web.embedded.tomcat.TomcatWebServer.start(TomcatWebServer.java:229) ~[spring-boot-2.6.7.jar:2.6.7]
	at org.springframework.boot.web.servlet.context.WebServerStartStopLifecycle.start(WebServerStartStopLifecycle.java:43) ~[spring-boot-2.6.7.jar:2.6.7]
	at org.springframework.context.support.DefaultLifecycleProcessor.doStart(DefaultLifecycleProcessor.java:178) ~[spring-context-5.3.19.jar:5.3.19]
	... 14 common frames omitted
Caused by: java.lang.IllegalArgumentException: standardService.connector.startFailed
	at org.apache.catalina.core.StandardService.addConnector(StandardService.java:238) ~[tomcat-embed-core-9.0.62.jar:9.0.62]
	at org.springframework.boot.web.embedded.tomcat.TomcatWebServer.addPreviouslyRemovedConnectors(TomcatWebServer.java:282) ~[spring-boot-2.6.7.jar:2.6.7]
	at org.springframework.boot.web.embedded.tomcat.TomcatWebServer.start(TomcatWebServer.java:213) ~[spring-boot-2.6.7.jar:2.6.7]
	... 16 common frames omitted
Caused by: org.apache.catalina.LifecycleException: Protocol handler start failed
	at org.apache.catalina.connector.Connector.startInternal(Connector.java:1075) ~[tomcat-embed-core-9.0.62.jar:9.0.62]
	at org.apache.catalina.util.LifecycleBase.start(LifecycleBase.java:183) ~[tomcat-embed-core-9.0.62.jar:9.0.62]
	at org.apache.catalina.core.StandardService.addConnector(StandardService.java:234) ~[tomcat-embed-core-9.0.62.jar:9.0.62]
	... 18 common frames omitted
Caused by: java.lang.IllegalArgumentException: C:\opt\app\cert\dxc.go.th.pfx (The system cannot find the path specified)
	at org.apache.tomcat.util.net.AbstractJsseEndpoint.createSSLContext(AbstractJsseEndpoint.java:107) ~[tomcat-embed-core-9.0.62.jar:9.0.62]
	at org.apache.tomcat.util.net.AbstractJsseEndpoint.initialiseSsl(AbstractJsseEndpoint.java:71) ~[tomcat-embed-core-9.0.62.jar:9.0.62]
	at org.apache.tomcat.util.net.NioEndpoint.bind(NioEndpoint.java:234) ~[tomcat-embed-core-9.0.62.jar:9.0.62]
	at org.apache.tomcat.util.net.AbstractEndpoint.bindWithCleanup(AbstractEndpoint.java:1227) ~[tomcat-embed-core-9.0.62.jar:9.0.62]
	at org.apache.tomcat.util.net.AbstractEndpoint.start(AbstractEndpoint.java:1313) ~[tomcat-embed-core-9.0.62.jar:9.0.62]
	at org.apache.coyote.AbstractProtocol.start(AbstractProtocol.java:614) ~[tomcat-embed-core-9.0.62.jar:9.0.62]
	at org.apache.catalina.connector.Connector.startInternal(Connector.java:1072) ~[tomcat-embed-core-9.0.62.jar:9.0.62]
	... 20 common frames omitted
Caused by: java.io.FileNotFoundException: C:\opt\app\cert\dxc.go.th.pfx (The system cannot find the path specified)
	at java.base/java.io.FileInputStream.open0(Native Method) ~[na:na]
	at java.base/java.io.FileInputStream.open(FileInputStream.java:219) ~[na:na]
	at java.base/java.io.FileInputStream.<init>(FileInputStream.java:157) ~[na:na]
	at java.base/java.io.FileInputStream.<init>(FileInputStream.java:112) ~[na:na]
	at java.base/sun.net.www.protocol.file.FileURLConnection.connect(FileURLConnection.java:86) ~[na:na]
	at java.base/sun.net.www.protocol.file.FileURLConnection.getInputStream(FileURLConnection.java:184) ~[na:na]
	at org.apache.catalina.startup.CatalinaBaseConfigurationSource.getResource(CatalinaBaseConfigurationSource.java:118) ~[tomcat-embed-core-9.0.62.jar:9.0.62]
	at org.apache.tomcat.util.net.SSLUtilBase.getStore(SSLUtilBase.java:199) ~[tomcat-embed-core-9.0.62.jar:9.0.62]
	at org.apache.tomcat.util.net.SSLHostConfigCertificate.getCertificateKeystore(SSLHostConfigCertificate.java:207) ~[tomcat-embed-core-9.0.62.jar:9.0.62]
	at org.apache.tomcat.util.net.SSLUtilBase.getKeyManagers(SSLUtilBase.java:283) ~[tomcat-embed-core-9.0.62.jar:9.0.62]
	at org.apache.tomcat.util.net.SSLUtilBase.createSSLContext(SSLUtilBase.java:247) ~[tomcat-embed-core-9.0.62.jar:9.0.62]
	at org.apache.tomcat.util.net.AbstractJsseEndpoint.createSSLContext(AbstractJsseEndpoint.java:105) ~[tomcat-embed-core-9.0.62.jar:9.0.62]
	... 26 common frames omitted

